// Jest Snapshot v1, https://goo.gl/fbAQLP

exports[`LoginScreen Test renders correctly 1`] = `
<RNCSafeAreaView
  className="flex-1 bg-background px-4 undefined"
  edges={
    {
      "bottom": "additive",
      "left": "additive",
      "right": "additive",
      "top": "additive",
    }
  }
>
  <View
    accessibilityRole="header"
    className="
        flex-row items-center pb-2,
        px-4 sm:px-6,
        justify-center
      "
  >
    <Text
      className="font-normal text-primary font-semibold"
      style={
        {
          "fontSize": 32,
          "lineHeight": 44,
        }
      }
    >
      Log In
    </Text>
  </View>
  <View
    className="mt-12 gap-2"
  >
    <TextInput
      autoCapitalize="none"
      className="py-3 border rounded px-3 undefined"
      onBlur={[Function]}
      onChangeText={[Function]}
      placeholder="E-mail"
    />
    <TextInput
      autoCapitalize="none"
      className="py-3 border rounded px-3 undefined"
      onBlur={[Function]}
      onChangeText={[Function]}
      placeholder="Password"
      secureTextEntry={true}
    />
  </View>
  <View
    className="flex-1 justify-end pb-12"
  >
    <View
      accessibilityState={
        {
          "busy": undefined,
          "checked": undefined,
          "disabled": undefined,
          "expanded": undefined,
          "selected": undefined,
        }
      }
      accessibilityValue={
        {
          "max": undefined,
          "min": undefined,
          "now": undefined,
          "text": undefined,
        }
      }
      accessible={true}
      collapsable={false}
      focusable={true}
      onClick={[Function]}
      onResponderGrant={[Function]}
      onResponderMove={[Function]}
      onResponderRelease={[Function]}
      onResponderTerminate={[Function]}
      onResponderTerminationRequest={[Function]}
      onStartShouldSetResponder={[Function]}
      style={
        {
          "opacity": 1,
        }
      }
    >
      <Text
        className="font-normal text-white text-center undefined"
        style={
          {
            "fontSize": 25,
            "lineHeight": 38,
          }
        }
      >
        Log in
      </Text>
    </View>
  </View>
  <View
    className="pb-3"
  />
</RNCSafeAreaView>
`;
